<div id="thisIsId" class="thisIsClass">thisIsContent</div>
